src/__tests__/components/QuizMode.test.tsx(7,131): error TS2353: Object literal may only specify known properties, and 'created_at' does not exist in type 'Vocabulary'.
src/__tests__/components/QuizMode.test.tsx(10,104): error TS2353: Object literal may only specify known properties, and 'created_at' does not exist in type 'Vocabulary'.
src/__tests__/components/QuizMode.test.tsx(11,101): error TS2353: Object literal may only specify known properties, and 'created_at' does not exist in type 'Vocabulary'.
src/__tests__/components/QuizMode.test.tsx(12,104): error TS2353: Object literal may only specify known properties, and 'created_at' does not exist in type 'Vocabulary'.
src/__tests__/components/WriteMode.test.tsx(15,5): error TS2353: Object literal may only specify known properties, and 'created_at' does not exist in type 'Vocabulary'.
src/__tests__/integration/page.test.tsx(19,9): error TS2353: Object literal may only specify known properties, and 'created_at' does not exist in type 'Vocabulary'.
src/__tests__/integration/page.test.tsx(29,9): error TS2353: Object literal may only specify known properties, and 'created_at' does not exist in type 'Vocabulary'.
src/app/learn/page.tsx(310,21): error TS2322: Type 'FeedbackStatus' is not assignable to type '"error" | "success"'.
  Type '"idle"' is not assignable to type '"error" | "success"'.
